// Jest Snapshot v1, https://goo.gl/fbAQLP

exports[`ChaptersCard Chapter renders correctly Chapter 1`] = `
Object {
  "asFragment": [Function],
  "baseElement": <body>
    <div>
      <table>
        <tbody>
          <tr
            class="flex flex-col false"
          >
            <td
              class="flex"
            >
              глава 1
            </td>
            <td>
              <table>
                <tbody>
                  <tr>
                    <td
                      class="pl-4"
                    >
                      подраздел 1
                    </td>
                    <td>
                      <input
                        type="checkbox"
                      />
                    </td>
                  </tr>
                </tbody>
              </table>
            </td>
            <td
              class="pl-4"
            >
              <form>
                <input
                  class="mr-4"
                  data-testid="Add subsection"
                  name="title"
                  type="text"
                />
                <button>
                  Add subsectiona
                </button>
              </form>
            </td>
          </tr>
        </tbody>
      </table>
    </div>
  </body>,
  "container": <div>
    <table>
      <tbody>
        <tr
          class="flex flex-col false"
        >
          <td
            class="flex"
          >
            глава 1
          </td>
          <td>
            <table>
              <tbody>
                <tr>
                  <td
                    class="pl-4"
                  >
                    подраздел 1
                  </td>
                  <td>
                    <input
                      type="checkbox"
                    />
                  </td>
                </tr>
              </tbody>
            </table>
          </td>
          <td
            class="pl-4"
          >
            <form>
              <input
                class="mr-4"
                data-testid="Add subsection"
                name="title"
                type="text"
              />
              <button>
                Add subsectiona
              </button>
            </form>
          </td>
        </tr>
      </tbody>
    </table>
  </div>,
  "debug": [Function],
  "findAllByAltText": [Function],
  "findAllByDisplayValue": [Function],
  "findAllByLabelText": [Function],
  "findAllByPlaceholderText": [Function],
  "findAllByRole": [Function],
  "findAllByTestId": [Function],
  "findAllByText": [Function],
  "findAllByTitle": [Function],
  "findByAltText": [Function],
  "findByDisplayValue": [Function],
  "findByLabelText": [Function],
  "findByPlaceholderText": [Function],
  "findByRole": [Function],
  "findByTestId": [Function],
  "findByText": [Function],
  "findByTitle": [Function],
  "getAllByAltText": [Function],
  "getAllByDisplayValue": [Function],
  "getAllByLabelText": [Function],
  "getAllByPlaceholderText": [Function],
  "getAllByRole": [Function],
  "getAllByTestId": [Function],
  "getAllByText": [Function],
  "getAllByTitle": [Function],
  "getByAltText": [Function],
  "getByDisplayValue": [Function],
  "getByLabelText": [Function],
  "getByPlaceholderText": [Function],
  "getByRole": [Function],
  "getByTestId": [Function],
  "getByText": [Function],
  "getByTitle": [Function],
  "queryAllByAltText": [Function],
  "queryAllByDisplayValue": [Function],
  "queryAllByLabelText": [Function],
  "queryAllByPlaceholderText": [Function],
  "queryAllByRole": [Function],
  "queryAllByTestId": [Function],
  "queryAllByText": [Function],
  "queryAllByTitle": [Function],
  "queryByAltText": [Function],
  "queryByDisplayValue": [Function],
  "queryByLabelText": [Function],
  "queryByPlaceholderText": [Function],
  "queryByRole": [Function],
  "queryByTestId": [Function],
  "queryByText": [Function],
  "queryByTitle": [Function],
  "rerender": [Function],
  "unmount": [Function],
}
`;
